<?xml version="1.0" encoding="utf-8"?><testsuites name="pytest tests"><testsuite name="pytest" errors="0" failures="0" skipped="0" tests="10" time="0.160" timestamp="2026-06-11T22:30:29.835106+00:00" hostname="codespaces-55cd7d"><testcase classname="tests.test_app" name="test_get_activities_returns_seeded_data" time="0.019" /><testcase classname="tests.test_app" name="test_root_redirects_to_static_index" time="0.007" /><testcase classname="tests.test_app" name="test_signup_success_adds_participant" time="0.008" /><testcase classname="tests.test_app" name="test_signup_unknown_activity_returns_404" time="0.008" /><testcase classname="tests.test_app" name="test_signup_duplicate_returns_400" time="0.008" /><testcase classname="tests.test_app" name="test_signup_full_activity_returns_400" time="0.008" /><testcase classname="tests.test_app" name="test_signup_missing_email_returns_422" time="0.007" /><testcase classname="tests.test_app" name="test_unregister_success_removes_participant" time="0.009" /><testcase classname="tests.test_app" name="test_unregister_unknown_activity_returns_404" time="0.007" /><testcase classname="tests.test_app" name="test_unregister_not_enrolled_returns_404" time="0.007" /></testsuite></testsuites>